06:45:47 **** Incremental Build of configuration Debug for project Blink_project ****
make -j8 all 
arm-none-eabi-gcc "../Core/Src/main.c" -mcpu=cortex-m3 -std=gnu11 -g3 -DDEBUG -DUSE_HAL_DRIVER -DSTM32F103x6 -c -I../Core/Inc -I../Drivers/STM32F1xx_HAL_Driver/Inc/Legacy -I../Drivers/STM32F1xx_HAL_Driver/Inc -I../Drivers/CMSIS/Device/ST/STM32F1xx/Include -I../Drivers/CMSIS/Include -O0 -ffunction-sections -fdata-sections -Wall -fstack-usage -MMD -MP -MF"Core/Src/main.d" -MT"Core/Src/main.o" --specs=nano.specs -mfloat-abi=soft -mthumb -o "Core/Src/main.o"
arm-none-eabi-gcc -o "Blink_project.elf" @"objects.list"   -mcpu=cortex-m3 -T"E:\VIVADO\Embedded_Systems\STM32\CUBEMX\Blink_project\BlinkSTM\STM32F103C6TX_FLASH.ld" --specs=nosys.specs -Wl,-Map="Blink_project.map" -Wl,--gc-sections -static --specs=nano.specs -mfloat-abi=soft -mthumb -Wl,--start-group -lc -lm -Wl,--end-group
Finished building target: Blink_project.elf
 
arm-none-eabi-size   Blink_project.elf 
arm-none-eabi-objdump -h -S  Blink_project.elf  > "Blink_project.list"
arm-none-eabi-objcopy  -O ihex  Blink_project.elf  "Blink_project.hex"
arm-none-eabi-objcopy  -O binary  Blink_project.elf  "Blink_project.bin"
   text	   data	    bss	    dec	    hex	filename
   4560	     20	   1572	   6152	   1808	Blink_project.elf
Finished building: default.size.stdout
 
Finished building: Blink_project.list
 
Finished building: Blink_project.hex
Finished building: Blink_project.bin
 
 

06:45:49 Build Finished. 0 errors, 0 warnings. (took 1s.787ms)

