04:18:03 **** Incremental Build of configuration Debug for project Project_1 ****
make -j8 all 
arm-none-eabi-gcc "../Core/Src/main.c" -mcpu=cortex-m4 -std=gnu11 -g3 -DDEBUG -DUSE_HAL_DRIVER -DSTM32F411xE -c -I../Core/Inc -I../Drivers/STM32F4xx_HAL_Driver/Inc -I../Drivers/STM32F4xx_HAL_Driver/Inc/Legacy -I../Drivers/CMSIS/Device/ST/STM32F4xx/Include -I../Drivers/CMSIS/Include -O0 -ffunction-sections -fdata-sections -Wall -fstack-usage -MMD -MP -MF"Core/Src/main.d" -MT"Core/Src/main.o" --specs=nano.specs -mfpu=fpv4-sp-d16 -mfloat-abi=hard -mthumb -o "Core/Src/main.o"
arm-none-eabi-gcc -o "Project_1.elf" @"objects.list"   -mcpu=cortex-m4 -T"E:\VIVADO\Embedded_Systems\STM32\CUBEMX\Project_1\STM32F411RETX_FLASH.ld" --specs=nosys.specs -Wl,-Map="Project_1.map" -Wl,--gc-sections -static --specs=nano.specs -mfpu=fpv4-sp-d16 -mfloat-abi=hard -mthumb -Wl,--start-group -lc -lm -Wl,--end-group
Finished building target: Project_1.elf
 
arm-none-eabi-size   Project_1.elf 
arm-none-eabi-objdump -h -S  Project_1.elf  > "Project_1.list"
   text	   data	    bss	    dec	    hex	filename
   5952	     20	   1572	   7544	   1d78	Project_1.elf
Finished building: default.size.stdout
 
Finished building: Project_1.list
 

04:18:07 Build Finished. 0 errors, 0 warnings. (took 4s.20ms)

